// Jest Snapshot v1, https://goo.gl/fbAQLP

exports[`renders correctly (navigationButton 1`] = `
<View
  accessible={true}
  isTVSelectable={true}
  onResponderGrant={[Function]}
  onResponderMove={[Function]}
  onResponderRelease={[Function]}
  onResponderTerminate={[Function]}
  onResponderTerminationRequest={[Function]}
  onStartShouldSetResponder={[Function]}
  style={
    Object {
      "alignItems": "center",
      "backgroundColor": "#FFBA5C",
      "borderColor": "#FFBA5C",
      "borderRadius": 10,
      "borderWidth": 2,
      "height": 40,
      "justifyContent": "center",
      "marginBottom": 20,
      "opacity": 1,
      "width": 525,
    }
  }
>
  <Text
    accessible={true}
    allowFontScaling={true}
    ellipsizeMode="tail"
    style={
      Object {
        "color": "#FFF",
        "fontSize": 19,
      }
    }
  />
</View>
`;
